Archive member included because of file (symbol)

/usr/lib/gcc/arm-none-eabi/4.7.2/thumb/cortex-m0/libgcc.a(_udivsi3.o)
                              src/circluar_buf.o (__aeabi_uidivmod)
/usr/lib/gcc/arm-none-eabi/4.7.2/thumb/cortex-m0/libgcc.a(_divsi3.o)
                              src/uart.o (__aeabi_idiv)
/usr/lib/gcc/arm-none-eabi/4.7.2/thumb/cortex-m0/libgcc.a(_dvmd_tls.o)
                              /usr/lib/gcc/arm-none-eabi/4.7.2/thumb/cortex-m0/libgcc.a(_udivsi3.o) (__aeabi_idiv0)

Allocating common symbols
Common symbol       size              file

uart0_c_buf         0x14              src/uart.o
uart0_data          0x50              src/uart.o

Discarded input sections

 .group         0x0000000000000000        0x8 src/circluar_buf.o
 .group         0x0000000000000000        0x8 src/circluar_buf.o
 .group         0x0000000000000000        0x8 src/circluar_buf.o
 .group         0x0000000000000000        0x8 src/circluar_buf.o
 .group         0x0000000000000000        0x8 src/circluar_buf.o
 .group         0x0000000000000000        0x8 src/circluar_buf.o
 .group         0x0000000000000000        0x8 src/circluar_buf.o
 .group         0x0000000000000000        0x8 src/circluar_buf.o
 .group         0x0000000000000000        0x8 src/circluar_buf.o
 .group         0x0000000000000000        0x8 src/circluar_buf.o
 .group         0x0000000000000000        0x8 src/circluar_buf.o
 .group         0x0000000000000000        0x8 src/circluar_buf.o
 .group         0x0000000000000000        0x8 src/uart.o
 .group         0x0000000000000000        0x8 src/uart.o
 .group         0x0000000000000000        0x8 src/uart.o
 .group         0x0000000000000000        0x8 src/uart.o
 .group         0x0000000000000000        0x8 src/uart.o
 .group         0x0000000000000000        0x8 src/uart.o
 .group         0x0000000000000000        0x8 src/uart.o
 .group         0x0000000000000000        0x8 src/uart.o
 .group         0x0000000000000000        0x8 src/uart.o
 .group         0x0000000000000000        0x8 src/uart.o
 .group         0x0000000000000000        0x8 src/uart.o
 .group         0x0000000000000000        0x8 src/uart.o
 .group         0x0000000000000000        0x8 src/uart.o
 .group         0x0000000000000000        0x8 src/uart.o
 .group         0x0000000000000000        0x8 src/uart.o
 .group         0x0000000000000000        0x8 src/uart.o
 .group         0x0000000000000000        0x8 src/uart.o
 .group         0x0000000000000000        0x8 src/uart.o
 .group         0x0000000000000000        0x8 src/uart.o
 .debug_macro   0x0000000000000000      0x7d2 src/uart.o
 .debug_macro   0x0000000000000000       0x2e src/uart.o
 .debug_macro   0x0000000000000000       0x2e src/uart.o
 .debug_macro   0x0000000000000000       0x94 src/uart.o
 .debug_macro   0x0000000000000000       0x10 src/uart.o
 .debug_macro   0x0000000000000000      0x100 src/uart.o
 .debug_macro   0x0000000000000000       0x3a src/uart.o
 .debug_macro   0x0000000000000000       0x52 src/uart.o
 .debug_macro   0x0000000000000000       0x19 src/uart.o
 .debug_macro   0x0000000000000000      0x16d src/uart.o
 .debug_macro   0x0000000000000000       0x16 src/uart.o
 .group         0x0000000000000000        0x8 src/main.o
 .group         0x0000000000000000        0x8 src/main.o
 .group         0x0000000000000000        0x8 src/main.o
 .group         0x0000000000000000        0x8 src/main.o
 .group         0x0000000000000000        0x8 src/main.o
 .group         0x0000000000000000        0x8 src/main.o
 .group         0x0000000000000000        0x8 src/main.o
 .group         0x0000000000000000        0x8 src/main.o
 .debug_macro   0x0000000000000000      0x7d2 src/main.o
 .debug_macro   0x0000000000000000       0x10 src/main.o
 .debug_macro   0x0000000000000000       0x3a src/main.o
 .debug_macro   0x0000000000000000       0x4c src/main.o
 .debug_macro   0x0000000000000000       0x10 src/main.o
 .debug_macro   0x0000000000000000      0x214 src/main.o
 .debug_macro   0x0000000000000000     0x5b02 src/main.o
 .debug_macro   0x0000000000000000       0x16 src/main.o
 .group         0x0000000000000000        0x8 startup/low_level_init.o
 .group         0x0000000000000000        0x8 startup/low_level_init.o
 .group         0x0000000000000000        0x8 startup/low_level_init.o
 .group         0x0000000000000000        0x8 startup/low_level_init.o
 .group         0x0000000000000000        0x8 startup/low_level_init.o
 .group         0x0000000000000000        0x8 startup/low_level_init.o
 .debug_macro   0x0000000000000000      0x7d2 startup/low_level_init.o
 .debug_macro   0x0000000000000000      0x214 startup/low_level_init.o
 .debug_macro   0x0000000000000000       0x10 startup/low_level_init.o
 .debug_macro   0x0000000000000000       0x3a startup/low_level_init.o
 .debug_macro   0x0000000000000000       0x4c startup/low_level_init.o
 .group         0x0000000000000000        0x8 startup/vectors.o
 .group         0x0000000000000000        0x8 startup/vectors.o
 .group         0x0000000000000000        0x8 startup/vectors.o
 .debug_macro   0x0000000000000000      0x7d2 startup/vectors.o
 .debug_macro   0x0000000000000000      0x214 startup/vectors.o
 .group         0x0000000000000000        0x8 startup/startup.o
 .group         0x0000000000000000        0x8 startup/startup.o
 .group         0x0000000000000000        0x8 startup/startup.o
 .debug_macro   0x0000000000000000      0x7d2 startup/startup.o
 .debug_macro   0x0000000000000000      0x214 startup/startup.o
 .debug_macro   0x0000000000000000       0x10 startup/startup.o

Memory Configuration

Name             Origin             Length             Attributes
m_interrupts     0x0000000000000000 0x00000000000000c0 xr
m_cfmprotrom     0x0000000000000400 0x0000000000000010 xr
m_text           0x0000000000000410 0x000000000001fbf0 xr
m_data_1FFFF000  0x000000001ffff000 0x0000000000001000 rw
m_data           0x0000000020000000 0x0000000000003000 rw
*default*        0x0000000000000000 0xffffffffffffffff

Linker script and memory map

LOAD src/circluar_buf.o
LOAD src/uart.o
LOAD src/main.o
LOAD startup/low_level_init.o
LOAD startup/vectors.o
LOAD startup/startup.o
START GROUP
LOAD /usr/lib/gcc/arm-none-eabi/4.7.2/thumb/cortex-m0/libgcc.a
LOAD /usr/lib/gcc/arm-none-eabi/4.7.2/../../../../arm-none-eabi/lib/thumb/cortex-m0/libg.a
LOAD /usr/lib/gcc/arm-none-eabi/4.7.2/../../../../arm-none-eabi/lib/thumb/cortex-m0/libc.a
END GROUP
                0x0000000020003000                _estack = 0x20003000
                0x0000000020003000                __SP_INIT = _estack
                0x0000000000000000                __heap_size = 0x0
                0x0000000000000400                __stack_size = 0x400

.interrupts     0x0000000000000000       0xc0
                0x0000000000000000                __vector_table = .
                0x0000000000000000                . = ALIGN (0x4)
 *(.vectortable)
 .vectortable   0x0000000000000000       0xc0 startup/vectors.o
                0x00000000000000c0                . = ALIGN (0x4)

.cfmprotect     0x0000000000000400        0x0
                0x0000000000000400                . = ALIGN (0x4)
 *(.cfmconfig)
                0x0000000000000400                . = ALIGN (0x4)

.text           0x0000000000000410      0x6fc
                0x0000000000000410                . = ALIGN (0x4)
 *(.text)
 .text          0x0000000000000410      0x10c src/circluar_buf.o
                0x0000000000000410                c_buffer_init
                0x000000000000045c                c_buffer_write
                0x00000000000004c0                c_buffer_read
 .text          0x000000000000051c      0x21c src/uart.o
                0x000000000000051c                uart_init
                0x0000000000000600                uart_getchar
                0x0000000000000630                uart_putchar
                0x0000000000000680                uart_putstr
                0x00000000000006ac                uart0_isr
 .text          0x0000000000000738      0x1cc src/main.o
                0x0000000000000738                init_gpio
                0x00000000000007e4                init_PWM
                0x000000000000087c                main
 .text          0x0000000000000904       0x48 startup/low_level_init.o
                0x0000000000000904                low_level_init
 .text          0x000000000000094c        0xc startup/vectors.o
                0x000000000000094c                nop_isr
 .text          0x0000000000000958       0x44 startup/startup.o
                0x0000000000000958                zero_bss
                0x000000000000098c                _start
 .text          0x000000000000099c       0x9c /usr/lib/gcc/arm-none-eabi/4.7.2/thumb/cortex-m0/libgcc.a(_udivsi3.o)
                0x000000000000099c                __udivsi3
                0x000000000000099c                __aeabi_uidiv
                0x0000000000000a24                __aeabi_uidivmod
 .text          0x0000000000000a38       0xc0 /usr/lib/gcc/arm-none-eabi/4.7.2/thumb/cortex-m0/libgcc.a(_divsi3.o)
                0x0000000000000a38                __aeabi_idiv
                0x0000000000000a38                __divsi3
                0x0000000000000ae4                __aeabi_idivmod
 .text          0x0000000000000af8        0x4 /usr/lib/gcc/arm-none-eabi/4.7.2/thumb/cortex-m0/libgcc.a(_dvmd_tls.o)
                0x0000000000000af8                __aeabi_ldiv0
                0x0000000000000af8                __aeabi_idiv0
 *(.text*)
 *(.rodata)
 .rodata        0x0000000000000afc       0x10 src/main.o
 *(.rodata*)
 *(.glue_7)
 .glue_7        0x0000000000000000        0x0 linker stubs
 *(.glue_7t)
 .glue_7t       0x0000000000000000        0x0 linker stubs
 *(.eh_frame)
 *(.init)
 *(.fini)
                0x0000000000000b0c                . = ALIGN (0x4)
                0x0000000000000b0c                _etext = .

.vfp11_veneer   0x0000000000000b0c        0x0
 .vfp11_veneer  0x0000000000000000        0x0 linker stubs

.v4_bx          0x0000000000000b0c        0x0
 .v4_bx         0x0000000000000000        0x0 linker stubs

.iplt           0x0000000000000b0c        0x0
 .iplt          0x0000000000000000        0x0 src/circluar_buf.o

.rel.dyn        0x0000000000000b0c        0x0
 .rel.iplt      0x0000000000000000        0x0 src/circluar_buf.o

.ARM.extab
 *(.ARM.extab* .gnu.linkonce.armextab.*)

.ARM            0x0000000000000b0c        0x0
                0x0000000000000b0c                __exidx_start = .
 *(.ARM.exidx*)
                0x0000000000000b0c                __exidx_end = .

.ctors          0x0000000000000b0c        0x0
                0x0000000000000b0c                __CTOR_LIST__ = .
 *crtbegin.o(.ctors)
 *(EXCLUDE_FILE(*crtend.o) .ctors)
 *(SORT(.ctors.*))
 *(.ctors)
                0x0000000000000b0c                __CTOR_END__ = .

.dtors          0x0000000000000b0c        0x0
                0x0000000000000b0c                __DTOR_LIST__ = .
 *crtbegin.o(.dtors)
 *(EXCLUDE_FILE(*crtend.o) .dtors)
 *(SORT(.dtors.*))
 *(.dtors)
                0x0000000000000b0c                __DTOR_END__ = .

.preinit_array  0x0000000000000b0c        0x0
                0x0000000000000b0c                PROVIDE (__preinit_array_start, .)
 *(.preinit_array*)
                0x0000000000000b0c                PROVIDE (__preinit_array_end, .)

.init_array     0x0000000000000b0c        0x0
                0x0000000000000b0c                PROVIDE (__init_array_start, .)
 *(SORT(.init_array.*))
 *(.init_array*)
                0x0000000000000b0c                PROVIDE (__init_array_end, .)

.fini_array     0x0000000000000b0c        0x0
                0x0000000000000b0c                PROVIDE (__fini_array_start, .)
 *(SORT(.fini_array.*))
 *(.fini_array*)
                0x0000000000000b0c                PROVIDE (__fini_array_end, .)
                0x0000000000000b0c                ___ROM_AT = .

.data           0x0000000020000000        0x0 load address 0x0000000000000b0c
                0x0000000020000000                . = ALIGN (0x4)
                0x0000000020000000                _sdata = .
 *(.data)
 .data          0x0000000020000000        0x0 src/circluar_buf.o
 .data          0x0000000020000000        0x0 src/uart.o
 .data          0x0000000020000000        0x0 src/main.o
 .data          0x0000000020000000        0x0 startup/low_level_init.o
 .data          0x0000000020000000        0x0 startup/vectors.o
 .data          0x0000000020000000        0x0 startup/startup.o
 .data          0x0000000020000000        0x0 /usr/lib/gcc/arm-none-eabi/4.7.2/thumb/cortex-m0/libgcc.a(_udivsi3.o)
 .data          0x0000000020000000        0x0 /usr/lib/gcc/arm-none-eabi/4.7.2/thumb/cortex-m0/libgcc.a(_divsi3.o)
 .data          0x0000000020000000        0x0 /usr/lib/gcc/arm-none-eabi/4.7.2/thumb/cortex-m0/libgcc.a(_dvmd_tls.o)
 *(.data*)
                0x0000000020000000                . = ALIGN (0x4)
                0x0000000020000000                _edata = .
                0x0000000000000000                ___data_size = (_edata - _sdata)
                0x0000000000000b0c                ___m_data_1FFFF000_ROMStart = (___ROM_AT + SIZEOF (.data))

.igot.plt       0x0000000020000000        0x0 load address 0x0000000000000b0c
 .igot.plt      0x0000000000000000        0x0 src/circluar_buf.o

.m_data_1FFFF000
                0x000000001ffff000        0x0 load address 0x0000000000000b0c
                0x000000001ffff000                . = ALIGN (0x4)
                0x000000001ffff000                ___m_data_1FFFF000_RAMStart = .
 *(.m_data_1FFFF000)
                0x000000001ffff000                ___m_data_1FFFF000_RAMEnd = .
                0x000000001ffff000                . = ALIGN (0x4)
                0x0000000000000000                ___m_data_1FFFF000_ROMSize = (___m_data_1FFFF000_RAMEnd - ___m_data_1FFFF000_RAMStart)
                0x000000001ffff000                . = ALIGN (0x4)

.bss            0x0000000020000000       0x64 load address 0x0000000000000b0c
                0x0000000020000000                __START_BSS = .
                0x0000000020000000                __bss_start__ = __START_BSS
 *(.bss)
 .bss           0x0000000020000000        0x0 src/circluar_buf.o
 .bss           0x0000000020000000        0x0 src/uart.o
 .bss           0x0000000020000000        0x0 src/main.o
 .bss           0x0000000020000000        0x0 startup/low_level_init.o
 .bss           0x0000000020000000        0x0 startup/vectors.o
 .bss           0x0000000020000000        0x0 startup/startup.o
 .bss           0x0000000020000000        0x0 /usr/lib/gcc/arm-none-eabi/4.7.2/thumb/cortex-m0/libgcc.a(_udivsi3.o)
 .bss           0x0000000020000000        0x0 /usr/lib/gcc/arm-none-eabi/4.7.2/thumb/cortex-m0/libgcc.a(_divsi3.o)
 .bss           0x0000000020000000        0x0 /usr/lib/gcc/arm-none-eabi/4.7.2/thumb/cortex-m0/libgcc.a(_dvmd_tls.o)
 *(.bss*)
 *(COMMON)
 COMMON         0x0000000020000000       0x64 src/uart.o
                0x0000000020000000                uart0_c_buf
                0x0000000020000014                uart0_data
                0x0000000020000064                . = ALIGN (0x4)
                0x0000000020000064                __END_BSS = .
                0x0000000020000064                __bss_end__ = __END_BSS

._user_heap_stack
                0x0000000020000064      0x400 load address 0x0000000000000b70
                0x0000000020000064                . = ALIGN (0x4)
                0x0000000020000064                PROVIDE (end, .)
                0x0000000020000064                PROVIDE (_end, .)
                0x0000000020000064                __heap_addr = .
                0x0000000020000064                . = (. + __heap_size)
                0x0000000020000464                . = (. + __stack_size)
 *fill*         0x0000000020000064      0x400 
                0x0000000020000464                . = ALIGN (0x4)
                0x0000000000000b0c                _romp_at = ((___ROM_AT + SIZEOF (.data)) + SIZEOF (.m_data_1FFFF000))

.romp           0x000000001ffff000       0x24 load address 0x0000000000000b0c
                0x0000000000000b0c                __S_romp = _romp_at
                0x000000001ffff000        0x4 LONG 0xb0c ___ROM_AT
                0x000000001ffff004        0x4 LONG 0x20000000 _sdata
                0x000000001ffff008        0x4 LONG 0x0 ___data_size
                0x000000001ffff00c        0x4 LONG 0xb0c ___m_data_1FFFF000_ROMStart
                0x000000001ffff010        0x4 LONG 0x1ffff000 ___m_data_1FFFF000_RAMStart
                0x000000001ffff014        0x4 LONG 0x0 ___m_data_1FFFF000_ROMSize
                0x000000001ffff018        0x4 LONG 0x0
                0x000000001ffff01c        0x4 LONG 0x0
                0x000000001ffff020        0x4 LONG 0x0

.ARM.attributes
                0x0000000000000000       0x31
 *(.ARM.attributes)
 .ARM.attributes
                0x0000000000000000       0x31 src/circluar_buf.o
 .ARM.attributes
                0x0000000000000031       0x31 src/uart.o
 .ARM.attributes
                0x0000000000000062       0x31 src/main.o
 .ARM.attributes
                0x0000000000000093       0x31 startup/low_level_init.o
 .ARM.attributes
                0x00000000000000c4       0x31 startup/vectors.o
 .ARM.attributes
                0x00000000000000f5       0x31 startup/startup.o
 .ARM.attributes
                0x0000000000000126       0x23 /usr/lib/gcc/arm-none-eabi/4.7.2/thumb/cortex-m0/libgcc.a(_udivsi3.o)
 .ARM.attributes
                0x0000000000000149       0x23 /usr/lib/gcc/arm-none-eabi/4.7.2/thumb/cortex-m0/libgcc.a(_divsi3.o)
 .ARM.attributes
                0x000000000000016c       0x23 /usr/lib/gcc/arm-none-eabi/4.7.2/thumb/cortex-m0/libgcc.a(_dvmd_tls.o)
OUTPUT(uart.elf elf32-littlearm)

.debug_info     0x0000000000000000     0x16f2
 .debug_info    0x0000000000000000      0x1a6 src/circluar_buf.o
 .debug_info    0x00000000000001a6      0x7d1 src/uart.o
 .debug_info    0x0000000000000977      0x51f src/main.o
 .debug_info    0x0000000000000e96      0x3e7 startup/low_level_init.o
 .debug_info    0x000000000000127d      0x11f startup/vectors.o
 .debug_info    0x000000000000139c      0x101 startup/startup.o
 .debug_info    0x000000000000149d       0xc7 /usr/lib/gcc/arm-none-eabi/4.7.2/thumb/cortex-m0/libgcc.a(_udivsi3.o)
 .debug_info    0x0000000000001564       0xc7 /usr/lib/gcc/arm-none-eabi/4.7.2/thumb/cortex-m0/libgcc.a(_divsi3.o)
 .debug_info    0x000000000000162b       0xc7 /usr/lib/gcc/arm-none-eabi/4.7.2/thumb/cortex-m0/libgcc.a(_dvmd_tls.o)

.debug_abbrev   0x0000000000000000      0x5a4
 .debug_abbrev  0x0000000000000000       0xde src/circluar_buf.o
 .debug_abbrev  0x00000000000000de      0x17c src/uart.o
 .debug_abbrev  0x000000000000025a       0xfc src/main.o
 .debug_abbrev  0x0000000000000356       0xc6 startup/low_level_init.o
 .debug_abbrev  0x000000000000041c       0xb9 startup/vectors.o
 .debug_abbrev  0x00000000000004d5       0x93 startup/startup.o
 .debug_abbrev  0x0000000000000568       0x14 /usr/lib/gcc/arm-none-eabi/4.7.2/thumb/cortex-m0/libgcc.a(_udivsi3.o)
 .debug_abbrev  0x000000000000057c       0x14 /usr/lib/gcc/arm-none-eabi/4.7.2/thumb/cortex-m0/libgcc.a(_divsi3.o)
 .debug_abbrev  0x0000000000000590       0x14 /usr/lib/gcc/arm-none-eabi/4.7.2/thumb/cortex-m0/libgcc.a(_dvmd_tls.o)

.debug_loc      0x0000000000000000      0x30c
 .debug_loc     0x0000000000000000       0xa8 src/circluar_buf.o
 .debug_loc     0x00000000000000a8      0x118 src/uart.o
 .debug_loc     0x00000000000001c0       0x90 src/main.o
 .debug_loc     0x0000000000000250       0x2c startup/low_level_init.o
 .debug_loc     0x000000000000027c       0x2c startup/vectors.o
 .debug_loc     0x00000000000002a8       0x64 startup/startup.o

.debug_aranges  0x0000000000000000      0x120
 .debug_aranges
                0x0000000000000000       0x20 src/circluar_buf.o
 .debug_aranges
                0x0000000000000020       0x20 src/uart.o
 .debug_aranges
                0x0000000000000040       0x20 src/main.o
 .debug_aranges
                0x0000000000000060       0x20 startup/low_level_init.o
 .debug_aranges
                0x0000000000000080       0x20 startup/vectors.o
 .debug_aranges
                0x00000000000000a0       0x20 startup/startup.o
 .debug_aranges
                0x00000000000000c0       0x20 /usr/lib/gcc/arm-none-eabi/4.7.2/thumb/cortex-m0/libgcc.a(_udivsi3.o)
 .debug_aranges
                0x00000000000000e0       0x20 /usr/lib/gcc/arm-none-eabi/4.7.2/thumb/cortex-m0/libgcc.a(_divsi3.o)
 .debug_aranges
                0x0000000000000100       0x20 /usr/lib/gcc/arm-none-eabi/4.7.2/thumb/cortex-m0/libgcc.a(_dvmd_tls.o)

.debug_macro    0x0000000000000000     0xc865
 .debug_macro   0x0000000000000000       0xd2 src/circluar_buf.o
 .debug_macro   0x00000000000000d2      0x7d2 src/circluar_buf.o
 .debug_macro   0x00000000000008a4       0x2e src/circluar_buf.o
 .debug_macro   0x00000000000008d2       0x2e src/circluar_buf.o
 .debug_macro   0x0000000000000900       0x94 src/circluar_buf.o
 .debug_macro   0x0000000000000994       0x10 src/circluar_buf.o
 .debug_macro   0x00000000000009a4      0x100 src/circluar_buf.o
 .debug_macro   0x0000000000000aa4       0x3a src/circluar_buf.o
 .debug_macro   0x0000000000000ade       0x52 src/circluar_buf.o
 .debug_macro   0x0000000000000b30       0x19 src/circluar_buf.o
 .debug_macro   0x0000000000000b49      0x16d src/circluar_buf.o
 .debug_macro   0x0000000000000cb6       0x16 src/circluar_buf.o
 .debug_macro   0x0000000000000ccc       0x29 src/circluar_buf.o
 .debug_macro   0x0000000000000cf5      0x123 src/uart.o
 .debug_macro   0x0000000000000e18       0x10 src/uart.o
 .debug_macro   0x0000000000000e28       0x3a src/uart.o
 .debug_macro   0x0000000000000e62       0x4c src/uart.o
 .debug_macro   0x0000000000000eae       0x10 src/uart.o
 .debug_macro   0x0000000000000ebe      0x214 src/uart.o
 .debug_macro   0x00000000000010d2     0x5b02 src/uart.o
 .debug_macro   0x0000000000006bd4       0x16 src/uart.o
 .debug_macro   0x0000000000006bea       0x23 src/uart.o
 .debug_macro   0x0000000000006c0d       0x98 src/main.o
 .debug_macro   0x0000000000006ca5       0x48 startup/low_level_init.o
 .debug_macro   0x0000000000006ced     0x5b0e startup/low_level_init.o
 .debug_macro   0x000000000000c7fb       0x2d startup/vectors.o
 .debug_macro   0x000000000000c828       0x10 startup/vectors.o
 .debug_macro   0x000000000000c838       0x2d startup/startup.o

.debug_line     0x0000000000000000      0xa32
 .debug_line    0x0000000000000000      0x223 src/circluar_buf.o
 .debug_line    0x0000000000000223      0x292 src/uart.o
 .debug_line    0x00000000000004b5      0x154 src/main.o
 .debug_line    0x0000000000000609      0x10c startup/low_level_init.o
 .debug_line    0x0000000000000715       0xd8 startup/vectors.o
 .debug_line    0x00000000000007ed       0xf1 startup/startup.o
 .debug_line    0x00000000000008de       0x75 /usr/lib/gcc/arm-none-eabi/4.7.2/thumb/cortex-m0/libgcc.a(_udivsi3.o)
 .debug_line    0x0000000000000953       0x82 /usr/lib/gcc/arm-none-eabi/4.7.2/thumb/cortex-m0/libgcc.a(_divsi3.o)
 .debug_line    0x00000000000009d5       0x5d /usr/lib/gcc/arm-none-eabi/4.7.2/thumb/cortex-m0/libgcc.a(_dvmd_tls.o)

.debug_str      0x0000000000000000    0x230ae
 .debug_str     0x0000000000000000     0x3d3e src/circluar_buf.o
                                       0x3e2b (size before relaxing)
 .debug_str     0x0000000000003d3e    0x1f139 src/uart.o
                                      0x2325b (size before relaxing)
 .debug_str     0x0000000000022e77      0x11a src/main.o
                                      0x21430 (size before relaxing)
 .debug_str     0x0000000000022f91       0x4d startup/low_level_init.o
                                      0x2128a (size before relaxing)
 .debug_str     0x0000000000022fde       0x94 startup/vectors.o
                                       0x2a1d (size before relaxing)
 .debug_str     0x0000000000023072       0x3c startup/startup.o
                                       0x2a04 (size before relaxing)

.comment        0x0000000000000000       0x11
 .comment       0x0000000000000000       0x11 src/circluar_buf.o
                                         0x12 (size before relaxing)
 .comment       0x0000000000000000       0x12 src/uart.o
 .comment       0x0000000000000000       0x12 src/main.o
 .comment       0x0000000000000000       0x12 startup/low_level_init.o
 .comment       0x0000000000000000       0x12 startup/vectors.o
 .comment       0x0000000000000000       0x12 startup/startup.o

.debug_frame    0x0000000000000000      0x26c
 .debug_frame   0x0000000000000000       0x70 src/circluar_buf.o
 .debug_frame   0x0000000000000070       0xb0 src/uart.o
 .debug_frame   0x0000000000000120       0x68 src/main.o
 .debug_frame   0x0000000000000188       0x2c startup/low_level_init.o
 .debug_frame   0x00000000000001b4       0x2c startup/vectors.o
 .debug_frame   0x00000000000001e0       0x4c startup/startup.o
 .debug_frame   0x000000000000022c       0x20 /usr/lib/gcc/arm-none-eabi/4.7.2/thumb/cortex-m0/libgcc.a(_udivsi3.o)
 .debug_frame   0x000000000000024c       0x20 /usr/lib/gcc/arm-none-eabi/4.7.2/thumb/cortex-m0/libgcc.a(_divsi3.o)
